Embedding generation failed: Model names should start with `models/` or `tunedModels/`, got: {name}
Web search failed for query 'Climate change adaptation strategies overview': Model names should start with `models/` or `tunedModels/`, got: {name}
Embedding generation failed: Model names should start with `models/` or `tunedModels/`, got: {name}
Web search failed for query 'what is Climate change adaptation strategies': Model names should start with `models/` or `tunedModels/`, got: {name}
Using Gemini model with available API key.
Testing Langmanus pipeline with topic: Climate change adaptation strategies
Using avatar: avatars/alex.yaml
Avatar loaded: Alex Chen

🔍 Step 1: Researcher gathering evidence...
✅ Evidence gathered: 0 claims found

💬 Step 2: Commentator generating response...
Traceback (most recent call last):
  File "/Users/singhm/AIvAI/scripts/test_langmanus.py", line 159, in <module>
    result = test_langmanus_pipeline(
             ^^^^^^^^^^^^^^^^^^^^^^^^
  File "/Users/singhm/AIvAI/scripts/test_langmanus.py", line 89, in test_langmanus_pipeline
    commentator_input = CommentatorInput(
                        ^^^^^^^^^^^^^^^^^
  File "/Users/singhm/nuggetwise-autopilot/.venv/lib/python3.11/site-packages/pydantic/main.py", line 164, in __init__
    __pydantic_self__.__pydantic_validator__.validate_python(data, self_instance=__pydantic_self__)
pydantic_core._pydantic_core.ValidationError: 1 validation error for CommentatorInput
evidence_bundle
  Input should be a valid dictionary or instance of Bundle [type=model_type, input_value=ResearcherOutput(claims=[...4975-923e-97e0fb0ce976'), input_type=ResearcherOutput]
    For further information visit https://errors.pydantic.dev/2.5/v/model_type
